// Jest Snapshot v1, https://goo.gl/fbAQLP

exports[`ProductNameCell Match to snapshot 1`] = `
<div>
  <table
    class="chakra-table css-0"
  >
    <td
      class="css-xpdvke"
    >
      <div
        class="css-1h2sv0j"
      >
        <p
          class="chakra-text css-s51d82"
        >
          Xbox one
        </p>
      </div>
    </td>
  </table>
</div>
`;
