// Jest Snapshot v1, https://goo.gl/fbAQLP

exports[`Product Modal match to snapshot 1`] = `
<div>
  <form
    class="chakra-stack css-tl3ftk"
    id="update-product-form"
  >
    <div
      class="css-rjewin"
    >
      <div
        class="css-1veluxv"
      >
        <div
          class="chakra-form-control css-0"
          role="group"
        >
          <label
            class="chakra-form__label css-1ebhc9e"
            for="field-:r0:"
            id="field-:r0:-label"
          >
            Name
          </label>
          <div
            class="chakra-input__group css-169ufh8"
            data-group="true"
          >
            <input
              class="chakra-input css-12ku0zj"
              data-testid="edit-field-name"
              id="field-:r0:"
              name="name"
              type="text"
              value=""
            />
          </div>
        </div>
      </div>
      <div
        class="css-1veluxv"
      >
        <div
          class="chakra-form-control css-0"
          role="group"
        >
          <label
            class="chakra-form__label css-1ebhc9e"
            for="field-:r1:"
            id="field-:r1:-label"
          >
            Price
          </label>
          <input
            autocomplete="off"
            class="chakra-input css-1iok8jb"
            data-testid="field-amount"
            id="field-:r1:"
            name="amount"
            placeholder="0.00"
            type="text"
            value=""
          />
        </div>
      </div>
    </div>
    <div
      class="css-rjewin"
    >
      <div
        class="css-1veluxv"
      >
        <div
          class="chakra-form-control css-1vhmbn2"
          role="group"
        >
          <label
            class="chakra-form__label css-1ebhc9e"
            for="field-:r2:"
            id="field-:r2:-label"
          >
            Quantity
          </label>
          <input
            autocomplete="off"
            class="chakra-input css-1iok8jb"
            data-testid="field-quantity"
            id="field-:r2:"
            name="quantity"
            placeholder="0"
            type="text"
            value=""
          />
        </div>
      </div>
      <div
        class="css-dzz5xx"
      >
        <div
          class="chakra-form-control css-0"
          role="group"
        >
          <label
            class="chakra-form__label css-1ebhc9e"
            for="field-:r3:"
            id="field-:r3:-label"
          >
            Description
          </label>
          <div
            class="chakra-input__group css-169ufh8"
            data-group="true"
          >
            <input
              class="chakra-input css-1ua7efh"
              id="field-:r3:"
              name="description"
              type="text"
              value=""
            />
          </div>
        </div>
      </div>
    </div>
    <div
      class="chakra-form-control css-0"
      role="group"
    >
      <label
        class="chakra-form__label css-1ebhc9e"
        for="field-:r4:"
        id="field-:r4:-label"
      >
        Currency
      </label>
      <div
        class="chakra-input__group css-169ufh8"
        data-group="true"
      >
        <input
          class="chakra-input css-1ua7efh"
          disabled=""
          id="field-:r4:"
          name="currency"
          type="text"
          value="$"
        />
      </div>
    </div>
    <div
      class="chakra-form-control css-0"
      role="group"
    >
      <div
        class="css-hk64jw"
      >
        <label
          class="chakra-form__label css-1ebhc9e"
          for="file"
          id="field-:r5:-label"
        >
          Gallery Thumbnail
          <div
            class="css-1tak1x5"
          >
            <div
              class="css-1ehgv16"
            />
            <div
              class="css-guqklo"
            />
          </div>
        </label>
        <div
          class="css-4q2zl7"
          role="presentation"
          tabindex="0"
        >
          <input
            class="chakra-input css-0"
            data-testid="field-image"
            id="field-:r5:"
            multiple=""
            style="display: none;"
            tabindex="-1"
            type="file"
          />
          <p
            class="chakra-text css-0"
          >
            Drag drop some files here, or click to select files
          </p>
        </div>
      </div>
    </div>
    <div
      class="css-16xzy9q"
    >
      <button
        class="chakra-button css-nz6i3s"
        data-testid="submit-product-form"
        disabled=""
        form="update-product-form"
        type="submit"
      >
        Save
      </button>
      <button
        class="chakra-button css-vxb15r"
        type="button"
      >
        Cancel
      </button>
    </div>
  </form>
</div>
`;
