// Jest Snapshot v1, https://goo.gl/fbAQLP

exports[`SwitchTheme component renders correctly 1`] = `
<div>
  <div
    class="css-1ve4u7y"
    data-testid="icon-button-component"
  >
    <div
      aria-label="switch-theme"
      class="chakra-button css-1l63kb4"
      data-testid="icon-button"
    />
  </div>
</div>
`;
