// Jest Snapshot v1, https://goo.gl/fbAQLP

exports[`TotalBalance render Should render match with snapshot. 1`] = `
<div>
  <div
    class="css-1z03mj8"
  >
    <form>
      <div
        class="css-1hlzswh"
      >
        <p
          class="chakra-text css-1ki0mgu"
        >
           Enter amount 
        </p>
        <div
          class="css-u4p24i"
        >
          <p
            class="chakra-text css-4xj0bk"
          >
            $
          </p>
          <input
            autocomplete="off"
            class="chakra-input css-cr7iz"
            name="amount"
            placeholder="0.00"
            type="text"
            value=""
          />
        </div>
      </div>
      <button
        aria-label="btn-add-money"
        class="chakra-button css-d8rbc1"
        disabled=""
        type="submit"
      >
        Add Money
      </button>
    </form>
  </div>
  <span
    hidden=""
    id="__chakra_env"
  />
</div>
`;
