// Jest Snapshot v1, https://goo.gl/fbAQLP

exports[`AuthHeader component render Should render match with snapshot. 1`] = `
<div>
  <header
    class="chakra-stack css-tl3ftk"
  >
    <h1
      class="chakra-heading css-13zsi6e"
    >
      Something
    </h1>
    <p
      class="chakra-text css-1xbgeyr"
    >
      Send, spend and save smarter
    </p>
  </header>
</div>
`;
