// Jest Snapshot v1, https://goo.gl/fbAQLP

exports[`Message component renders correctly 1`] = `
<div>
  <div
    class="css-15rwwo"
  >
    <div
      class="css-1uzq3xz"
    >
      <img
        alt="/images/avatar-user-chat.webp"
        data-nimg="fill"
        decoding="async"
        loading="lazy"
        sizes="100vw"
        src="/_next/image?url=%2Fimages%2Favatar-user-chat.webp&w=3840&q=75"
        srcset="/_next/image?url=%2Fimages%2Favatar-user-chat.webp&w=640&q=75 640w, /_next/image?url=%2Fimages%2Favatar-user-chat.webp&w=750&q=75 750w, /_next/image?url=%2Fimages%2Favatar-user-chat.webp&w=828&q=75 828w, /_next/image?url=%2Fimages%2Favatar-user-chat.webp&w=1080&q=75 1080w, /_next/image?url=%2Fimages%2Favatar-user-chat.webp&w=1200&q=75 1200w, /_next/image?url=%2Fimages%2Favatar-user-chat.webp&w=1920&q=75 1920w, /_next/image?url=%2Fimages%2Favatar-user-chat.webp&w=2048&q=75 2048w, /_next/image?url=%2Fimages%2Favatar-user-chat.webp&w=3840&q=75 3840w"
        style="position: absolute; height: 100%; width: 100%; left: 0px; top: 0px; right: 0px; bottom: 0px; color: transparent; border-radius: 50%; margin-right: 8px; background-size: cover; background-position: 50% 50%; background-repeat: no-repeat;"
      />
    </div>
    <div
      class="css-cr18eb"
    >
      <div
        class="css-1nsc086"
        data-testid="image-container"
      >
        This is message
      </div>
      <div
        class="css-17xejub"
      />
      <p
        class="chakra-text css-haer8f"
      >
        3:51 PM
      </p>
    </div>
  </div>
</div>
`;
