// Jest Snapshot v1, https://goo.gl/fbAQLP

exports[`ForgotPasswordSection render Should render match with snapshot. 1`] = `
<div>
  <form
    class="chakra-stack css-1urha0v"
    id="forgot-password-form"
  >
    <div
      class="chakra-form-control css-1kxonj9"
      role="group"
    >
      <div
        class="chakra-input__group css-1091msq"
        data-group="true"
      >
        <input
          class="chakra-input css-offuse"
          id="field-:r0:"
          name="email"
          placeholder="Enter your email"
          type="text"
          value=""
        />
      </div>
    </div>
    <div
      class="chakra-stack css-mdisnt"
    >
      <a
        aria-label="forgot password"
        class="chakra-text css-1f9o43a"
        href="/login"
      >
        back to sign in
      </a>
    </div>
    <div
      class="css-1ki54i"
    >
      <p
        class="chakra-text css-rj1t1b"
      />
      <button
        aria-label="Recover Password"
        class="chakra-button css-1nt97yu"
        disabled=""
        form="forgot-password-form"
        type="submit"
      >
        Recover Password
      </button>
    </div>
  </form>
  <span
    hidden=""
    id="__chakra_env"
  />
</div>
`;
